// Bun Snapshot v1, https://bun.sh/docs/test/snapshots

exports[`sync pipeline fresh run executes full pipeline and publishes correct artifacts 1`] = `
"<?xml version="1.0" encoding="UTF-8"?>
<rss version="2.0" xmlns:itunes="http://www.itunes.com/dtds/podcast-1.0.dtd" xmlns:media="http://search.yahoo.com/mrss/" xmlns:podcast="https://podcastindex.org/namespace/1.0">
  <channel>
    <title>Test Podcast</title>
    <description>A test podcast</description>
    <link>https://www.youtube.com/@testchannel</link>
    <language>en</language>
    <pubDate>Fri, 15 Mar 2024 00:00:00 GMT</pubDate>
    <lastBuildDate>STABLE</lastBuildDate>
    <ttl>60</ttl>
    <image>
      <url>https://cdn.test.com/artwork.jpg</url>
      <title>Test Podcast</title>
      <link>https://www.youtube.com/@testchannel</link>
    </image>
    <itunes:author>Test Author</itunes:author>
    <itunes:image href="https://cdn.test.com/artwork.jpg"/>
    <itunes:category text="Technology"/>
    <itunes:explicit>false</itunes:explicit>
    <itunes:type>episodic</itunes:type>
    <podcast:medium>podcast</podcast:medium>
    <podcast:person role="host">Test Author</podcast:person>
    <item>
      <title>Understanding Deep Learning</title>
      <description>Mock summary of the episode content.</description>
      <pubDate>Fri, 15 Mar 2024 00:00:00 GMT</pubDate>
      <guid isPermaLink="false">vid_aaa</guid>
      <enclosure url="https://cdn.test.com/vid_aaa/audio.mp3" length="16" type="audio/mpeg"/>
      <itunes:duration>30:00</itunes:duration>
      <itunes:image href="https://cdn.test.com/vid_aaa/thumbnail.jpg"/>
      <media:content url="https://cdn.test.com/vid_aaa/thumbnail.jpg" medium="image" type="image/jpeg"/>
      <podcast:chapters url="https://cdn.test.com/vid_aaa/chapters.json" type="application/json+chapters"/>
      <podcast:transcript url="https://cdn.test.com/vid_aaa/transcript.srt" type="application/srt"/>
      <podcast:contentLink href="https://www.youtube.com/watch?v=vid_aaa">Watch on YouTube</podcast:contentLink>
    </item>
    <item>
      <title>Growth Mindset Tips</title>
      <description>Mock summary of the episode content.</description>
      <pubDate>Sun, 10 Mar 2024 00:00:00 GMT</pubDate>
      <guid isPermaLink="false">vid_bbb</guid>
      <enclosure url="https://cdn.test.com/vid_bbb/audio.mp3" length="16" type="audio/mpeg"/>
      <itunes:duration>40:00</itunes:duration>
      <itunes:image href="https://cdn.test.com/vid_bbb/thumbnail.jpg"/>
      <media:content url="https://cdn.test.com/vid_bbb/thumbnail.jpg" medium="image" type="image/jpeg"/>
      <podcast:transcript url="https://cdn.test.com/vid_bbb/transcript.srt" type="application/srt"/>
      <podcast:contentLink href="https://www.youtube.com/watch?v=vid_bbb">Watch on YouTube</podcast:contentLink>
    </item>
  </channel>
</rss>
"
`;
